[2026-05-02 02:10:19] [INFO] [START] Login attempt initiated. Email: hannahrose@gmail.com
[2026-05-02 02:10:19] [INFO] [CAPTCHA] Session flag confirmed for: hannahrose@gmail.com
[2026-05-02 02:10:20] [INFO] [USERNAME LOOKUP] Searching DB for email: hannahrose@gmail.com
[2026-05-02 02:10:20] [INFO] [USERNAME LOOKUP] Email found: hannahrose@gmail.com
[2026-05-02 02:10:20] [SEVERE] [EXCEPTION] Unexpected error: Error while decrypting: Input length must be multiple of 16 when decrypting with padded cipher
[2026-05-02 02:10:20] [INFO] [END] Login process ended — unexpected error.
[2026-05-02 02:10:39] [INFO] [START] Login attempt initiated. Email: hannahrose@gmail.com
[2026-05-02 02:10:39] [INFO] [CAPTCHA] Session flag confirmed for: hannahrose@gmail.com
[2026-05-02 02:10:39] [INFO] [USERNAME LOOKUP] Searching DB for email: hannahrose@gmail.com
[2026-05-02 02:10:39] [INFO] [USERNAME LOOKUP] Email found: hannahrose@gmail.com
[2026-05-02 02:10:39] [SEVERE] [EXCEPTION] Unexpected error: Error while decrypting: Input length must be multiple of 16 when decrypting with padded cipher
[2026-05-02 02:10:39] [INFO] [END] Login process ended — unexpected error.
[2026-05-02 02:13:48] [INFO] [START] Login attempt initiated. Email: andylouise@gmail.com
[2026-05-02 02:13:48] [INFO] [CAPTCHA] Session flag confirmed for: andylouise@gmail.com
[2026-05-02 02:13:48] [INFO] [USERNAME LOOKUP] Searching DB for email: andylouise@gmail.com
[2026-05-02 02:13:48] [INFO] [USERNAME LOOKUP] Email found: andylouise@gmail.com
[2026-05-02 02:13:48] [INFO] [PASSWORD VALIDATION] Comparing passwords for: andylouise@gmail.com
[2026-05-02 02:13:48] [INFO] [SUCCESSFUL LOGIN] User authenticated: andylouise@gmail.com | Role: Admin
[2026-05-02 02:13:48] [INFO] [END] Login process ended — success.
[2026-05-02 02:14:39] [INFO] [START] Login attempt initiated. Email: ambersofia@gmail.com
[2026-05-02 02:14:39] [INFO] [CAPTCHA] Session flag confirmed for: ambersofia@gmail.com
[2026-05-02 02:14:39] [INFO] [USERNAME LOOKUP] Searching DB for email: ambersofia@gmail.com
[2026-05-02 02:14:39] [INFO] [USERNAME LOOKUP] Email found: ambersofia@gmail.com
[2026-05-02 02:14:39] [INFO] [PASSWORD VALIDATION] Comparing passwords for: ambersofia@gmail.com
[2026-05-02 02:14:39] [INFO] [SUCCESSFUL LOGIN] User authenticated: ambersofia@gmail.com | Role: Guest
[2026-05-02 02:14:39] [INFO] [END] Login process ended — success.
[2026-05-02 02:16:11] [INFO] [START] Login attempt initiated. Email: andylouise@gmail.com
[2026-05-02 02:16:11] [INFO] [CAPTCHA] Session flag confirmed for: andylouise@gmail.com
[2026-05-02 02:16:11] [INFO] [USERNAME LOOKUP] Searching DB for email: andylouise@gmail.com
[2026-05-02 02:16:11] [INFO] [USERNAME LOOKUP] Email found: andylouise@gmail.com
[2026-05-02 02:16:11] [INFO] [PASSWORD VALIDATION] Comparing passwords for: andylouise@gmail.com
[2026-05-02 02:16:11] [INFO] [SUCCESSFUL LOGIN] User authenticated: andylouise@gmail.com | Role: Admin
[2026-05-02 02:16:11] [INFO] [END] Login process ended — success.
[2026-05-02 02:17:35] [INFO] [START] Login attempt initiated. Email: andylouise@gmail.com
[2026-05-02 02:17:35] [INFO] [CAPTCHA] Session flag confirmed for: andylouise@gmail.com
[2026-05-02 02:17:35] [INFO] [USERNAME LOOKUP] Searching DB for email: andylouise@gmail.com
[2026-05-02 02:17:35] [INFO] [USERNAME LOOKUP] Email found: andylouise@gmail.com
[2026-05-02 02:17:35] [INFO] [PASSWORD VALIDATION] Comparing passwords for: andylouise@gmail.com
[2026-05-02 02:17:35] [INFO] [SUCCESSFUL LOGIN] User authenticated: andylouise@gmail.com | Role: Admin
[2026-05-02 02:17:35] [INFO] [END] Login process ended — success.
[2026-05-02 02:20:32] [INFO] [START] Login attempt initiated. Email: andylouise@gmail.com
[2026-05-02 02:20:32] [INFO] [CAPTCHA] Session flag confirmed for: andylouise@gmail.com
[2026-05-02 02:20:32] [INFO] [USERNAME LOOKUP] Searching DB for email: andylouise@gmail.com
[2026-05-02 02:20:32] [INFO] [USERNAME LOOKUP] Email found: andylouise@gmail.com
[2026-05-02 02:20:32] [INFO] [PASSWORD VALIDATION] Comparing passwords for: andylouise@gmail.com
[2026-05-02 02:20:32] [INFO] [SUCCESSFUL LOGIN] User authenticated: andylouise@gmail.com | Role: Admin
[2026-05-02 02:20:32] [INFO] [END] Login process ended — success.
[2026-05-02 02:24:04] [INFO] [START] Login attempt initiated. Email: andylouise@gmail.com
[2026-05-02 02:24:04] [INFO] [CAPTCHA] Session flag confirmed for: andylouise@gmail.com
[2026-05-02 02:24:04] [INFO] [USERNAME LOOKUP] Searching DB for email: andylouise@gmail.com
[2026-05-02 02:24:04] [INFO] [USERNAME LOOKUP] Email found: andylouise@gmail.com
[2026-05-02 02:24:04] [INFO] [PASSWORD VALIDATION] Comparing passwords for: andylouise@gmail.com
[2026-05-02 02:24:04] [INFO] [SUCCESSFUL LOGIN] User authenticated: andylouise@gmail.com | Role: Admin
[2026-05-02 02:24:04] [INFO] [END] Login process ended — success.
[2026-05-02 02:25:33] [INFO] [START] Login attempt initiated. Email: andylouise@gmail.com
[2026-05-02 02:25:33] [INFO] [CAPTCHA] Session flag confirmed for: andylouise@gmail.com
[2026-05-02 02:25:33] [INFO] [USERNAME LOOKUP] Searching DB for email: andylouise@gmail.com
[2026-05-02 02:25:33] [INFO] [USERNAME LOOKUP] Email found: andylouise@gmail.com
[2026-05-02 02:25:33] [INFO] [PASSWORD VALIDATION] Comparing passwords for: andylouise@gmail.com
[2026-05-02 02:25:33] [INFO] [SUCCESSFUL LOGIN] User authenticated: andylouise@gmail.com | Role: Admin
[2026-05-02 02:25:33] [INFO] [END] Login process ended — success.
[2026-05-02 02:27:12] [INFO] [START] Login attempt initiated. Email: andylouise@gmail.com
[2026-05-02 02:27:12] [INFO] [CAPTCHA] Session flag confirmed for: andylouise@gmail.com
[2026-05-02 02:27:12] [INFO] [USERNAME LOOKUP] Searching DB for email: andylouise@gmail.com
[2026-05-02 02:27:12] [INFO] [USERNAME LOOKUP] Email found: andylouise@gmail.com
[2026-05-02 02:27:12] [INFO] [PASSWORD VALIDATION] Comparing passwords for: andylouise@gmail.com
[2026-05-02 02:27:12] [INFO] [SUCCESSFUL LOGIN] User authenticated: andylouise@gmail.com | Role: Admin
[2026-05-02 02:27:12] [INFO] [END] Login process ended — success.
[2026-05-02 02:30:47] [INFO] [START] Login attempt initiated. Email: andylouise@gmail.com
[2026-05-02 02:30:47] [INFO] [CAPTCHA] Session flag confirmed for: andylouise@gmail.com
[2026-05-02 02:30:47] [INFO] [USERNAME LOOKUP] Searching DB for email: andylouise@gmail.com
[2026-05-02 02:30:47] [INFO] [USERNAME LOOKUP] Email found: andylouise@gmail.com
[2026-05-02 02:30:47] [INFO] [PASSWORD VALIDATION] Comparing passwords for: andylouise@gmail.com
[2026-05-02 02:30:47] [INFO] [SUCCESSFUL LOGIN] User authenticated: andylouise@gmail.com | Role: Admin
[2026-05-02 02:30:47] [INFO] [END] Login process ended — success.
[2026-05-02 02:33:11] [INFO] [START] Login attempt initiated. Email: andylouise@gmail.com
[2026-05-02 02:33:11] [INFO] [CAPTCHA] Session flag confirmed for: andylouise@gmail.com
[2026-05-02 02:33:11] [INFO] [USERNAME LOOKUP] Searching DB for email: andylouise@gmail.com
[2026-05-02 02:33:11] [INFO] [USERNAME LOOKUP] Email found: andylouise@gmail.com
[2026-05-02 02:33:11] [INFO] [PASSWORD VALIDATION] Comparing passwords for: andylouise@gmail.com
[2026-05-02 02:33:11] [INFO] [SUCCESSFUL LOGIN] User authenticated: andylouise@gmail.com | Role: Admin
[2026-05-02 02:33:11] [INFO] [END] Login process ended — success.
[2026-05-02 02:33:43] [INFO] [START] Login attempt initiated. Email: andylouise@gmail.com
[2026-05-02 02:33:43] [INFO] [CAPTCHA] Session flag confirmed for: andylouise@gmail.com
[2026-05-02 02:33:43] [INFO] [USERNAME LOOKUP] Searching DB for email: andylouise@gmail.com
[2026-05-02 02:33:43] [INFO] [USERNAME LOOKUP] Email found: andylouise@gmail.com
[2026-05-02 02:33:43] [INFO] [PASSWORD VALIDATION] Comparing passwords for: andylouise@gmail.com
[2026-05-02 02:33:43] [INFO] [SUCCESSFUL LOGIN] User authenticated: andylouise@gmail.com | Role: Admin
[2026-05-02 02:33:43] [INFO] [END] Login process ended — success.
[2026-05-02 02:34:31] [INFO] [START] Login attempt initiated. Email: andylouise@gmail.com
[2026-05-02 02:34:31] [INFO] [CAPTCHA] Session flag confirmed for: andylouise@gmail.com
[2026-05-02 02:34:31] [INFO] [USERNAME LOOKUP] Searching DB for email: andylouise@gmail.com
[2026-05-02 02:34:31] [INFO] [USERNAME LOOKUP] Email found: andylouise@gmail.com
[2026-05-02 02:34:31] [INFO] [PASSWORD VALIDATION] Comparing passwords for: andylouise@gmail.com
[2026-05-02 02:34:31] [INFO] [SUCCESSFUL LOGIN] User authenticated: andylouise@gmail.com | Role: Admin
[2026-05-02 02:34:31] [INFO] [END] Login process ended — success.
[2026-05-02 02:35:13] [INFO] [START] Login attempt initiated. Email: andylouise@gmail.com
[2026-05-02 02:35:13] [INFO] [CAPTCHA] Session flag confirmed for: andylouise@gmail.com
[2026-05-02 02:35:13] [INFO] [USERNAME LOOKUP] Searching DB for email: andylouise@gmail.com
[2026-05-02 02:35:13] [INFO] [USERNAME LOOKUP] Email found: andylouise@gmail.com
[2026-05-02 02:35:13] [INFO] [PASSWORD VALIDATION] Comparing passwords for: andylouise@gmail.com
[2026-05-02 02:35:13] [INFO] [SUCCESSFUL LOGIN] User authenticated: andylouise@gmail.com | Role: Admin
[2026-05-02 02:35:13] [INFO] [END] Login process ended — success.
[2026-05-02 02:35:46] [INFO] [START] Login attempt initiated. Email: andylouise@gmail.com
[2026-05-02 02:35:46] [INFO] [CAPTCHA] Session flag confirmed for: andylouise@gmail.com
[2026-05-02 02:35:46] [INFO] [USERNAME LOOKUP] Searching DB for email: andylouise@gmail.com
[2026-05-02 02:35:46] [INFO] [USERNAME LOOKUP] Email found: andylouise@gmail.com
[2026-05-02 02:35:46] [INFO] [PASSWORD VALIDATION] Comparing passwords for: andylouise@gmail.com
[2026-05-02 02:35:46] [INFO] [SUCCESSFUL LOGIN] User authenticated: andylouise@gmail.com | Role: Admin
[2026-05-02 02:35:46] [INFO] [END] Login process ended — success.
[2026-05-02 02:36:27] [INFO] [START] Login attempt initiated. Email: andylouise@gmail.com
[2026-05-02 02:36:27] [INFO] [CAPTCHA] Session flag confirmed for: andylouise@gmail.com
[2026-05-02 02:36:27] [INFO] [USERNAME LOOKUP] Searching DB for email: andylouise@gmail.com
[2026-05-02 02:36:27] [INFO] [USERNAME LOOKUP] Email found: andylouise@gmail.com
[2026-05-02 02:36:27] [INFO] [PASSWORD VALIDATION] Comparing passwords for: andylouise@gmail.com
[2026-05-02 02:36:27] [INFO] [SUCCESSFUL LOGIN] User authenticated: andylouise@gmail.com | Role: Admin
[2026-05-02 02:36:27] [INFO] [END] Login process ended — success.
[2026-05-02 02:37:20] [INFO] [START] Login attempt initiated. Email: andylouise@gmail.com
[2026-05-02 02:37:20] [INFO] [CAPTCHA] Session flag confirmed for: andylouise@gmail.com
[2026-05-02 02:37:20] [INFO] [USERNAME LOOKUP] Searching DB for email: andylouise@gmail.com
[2026-05-02 02:37:20] [INFO] [USERNAME LOOKUP] Email found: andylouise@gmail.com
[2026-05-02 02:37:20] [INFO] [PASSWORD VALIDATION] Comparing passwords for: andylouise@gmail.com
[2026-05-02 02:37:20] [INFO] [SUCCESSFUL LOGIN] User authenticated: andylouise@gmail.com | Role: Admin
[2026-05-02 02:37:20] [INFO] [END] Login process ended — success.
[2026-05-02 02:38:03] [INFO] [START] Login attempt initiated. Email: andylouise@gmail.com
[2026-05-02 02:38:03] [INFO] [CAPTCHA] Session flag confirmed for: andylouise@gmail.com
[2026-05-02 02:38:03] [INFO] [USERNAME LOOKUP] Searching DB for email: andylouise@gmail.com
[2026-05-02 02:38:03] [INFO] [USERNAME LOOKUP] Email found: andylouise@gmail.com
[2026-05-02 02:38:03] [INFO] [PASSWORD VALIDATION] Comparing passwords for: andylouise@gmail.com
[2026-05-02 02:38:03] [INFO] [SUCCESSFUL LOGIN] User authenticated: andylouise@gmail.com | Role: Admin
[2026-05-02 02:38:03] [INFO] [END] Login process ended — success.
[2026-05-02 02:38:51] [INFO] [START] Login attempt initiated. Email: andylouise@gmail.com
[2026-05-02 02:38:51] [INFO] [CAPTCHA] Session flag confirmed for: andylouise@gmail.com
[2026-05-02 02:38:51] [INFO] [USERNAME LOOKUP] Searching DB for email: andylouise@gmail.com
[2026-05-02 02:38:51] [INFO] [USERNAME LOOKUP] Email found: andylouise@gmail.com
[2026-05-02 02:38:51] [INFO] [PASSWORD VALIDATION] Comparing passwords for: andylouise@gmail.com
[2026-05-02 02:38:51] [INFO] [SUCCESSFUL LOGIN] User authenticated: andylouise@gmail.com | Role: Admin
[2026-05-02 02:38:51] [INFO] [END] Login process ended — success.
[2026-05-02 02:40:30] [INFO] [START] Login attempt initiated. Email: andylouise@gmail.com
[2026-05-02 02:40:30] [INFO] [CAPTCHA] Session flag confirmed for: andylouise@gmail.com
[2026-05-02 02:40:30] [INFO] [USERNAME LOOKUP] Searching DB for email: andylouise@gmail.com
[2026-05-02 02:40:30] [INFO] [USERNAME LOOKUP] Email found: andylouise@gmail.com
[2026-05-02 02:40:30] [INFO] [PASSWORD VALIDATION] Comparing passwords for: andylouise@gmail.com
[2026-05-02 02:40:30] [INFO] [SUCCESSFUL LOGIN] User authenticated: andylouise@gmail.com | Role: Admin
[2026-05-02 02:40:30] [INFO] [END] Login process ended — success.
[2026-05-02 02:42:04] [INFO] [START] Login attempt initiated. Email: andylouise@gmail.com
[2026-05-02 02:42:04] [INFO] [CAPTCHA] Session flag confirmed for: andylouise@gmail.com
[2026-05-02 02:42:05] [INFO] [USERNAME LOOKUP] Searching DB for email: andylouise@gmail.com
[2026-05-02 02:42:05] [INFO] [USERNAME LOOKUP] Email found: andylouise@gmail.com
[2026-05-02 02:42:05] [INFO] [PASSWORD VALIDATION] Comparing passwords for: andylouise@gmail.com
[2026-05-02 02:42:05] [INFO] [SUCCESSFUL LOGIN] User authenticated: andylouise@gmail.com | Role: Admin
[2026-05-02 02:42:05] [INFO] [END] Login process ended — success.
[2026-05-02 02:43:05] [INFO] [START] Login attempt initiated. Email: andylouise@gmail.com
[2026-05-02 02:43:05] [INFO] [CAPTCHA] Session flag confirmed for: andylouise@gmail.com
[2026-05-02 02:43:05] [INFO] [USERNAME LOOKUP] Searching DB for email: andylouise@gmail.com
[2026-05-02 02:43:05] [INFO] [USERNAME LOOKUP] Email found: andylouise@gmail.com
[2026-05-02 02:43:05] [INFO] [PASSWORD VALIDATION] Comparing passwords for: andylouise@gmail.com
[2026-05-02 02:43:05] [INFO] [SUCCESSFUL LOGIN] User authenticated: andylouise@gmail.com | Role: Admin
[2026-05-02 02:43:05] [INFO] [END] Login process ended — success.
[2026-05-02 02:44:53] [INFO] [START] Login attempt initiated. Email: andylouise@gmail.com
[2026-05-02 02:44:53] [INFO] [CAPTCHA] Session flag confirmed for: andylouise@gmail.com
[2026-05-02 02:44:53] [INFO] [USERNAME LOOKUP] Searching DB for email: andylouise@gmail.com
[2026-05-02 02:44:53] [INFO] [USERNAME LOOKUP] Email found: andylouise@gmail.com
[2026-05-02 02:44:53] [INFO] [PASSWORD VALIDATION] Comparing passwords for: andylouise@gmail.com
[2026-05-02 02:44:53] [INFO] [SUCCESSFUL LOGIN] User authenticated: andylouise@gmail.com | Role: Admin
[2026-05-02 02:44:53] [INFO] [END] Login process ended — success.
[2026-05-02 02:46:20] [INFO] [START] Login attempt initiated. Email: andylouise@gmail.com
[2026-05-02 02:46:20] [INFO] [CAPTCHA] Session flag confirmed for: andylouise@gmail.com
[2026-05-02 02:46:20] [INFO] [USERNAME LOOKUP] Searching DB for email: andylouise@gmail.com
[2026-05-02 02:46:20] [INFO] [USERNAME LOOKUP] Email found: andylouise@gmail.com
[2026-05-02 02:46:20] [INFO] [PASSWORD VALIDATION] Comparing passwords for: andylouise@gmail.com
[2026-05-02 02:46:20] [INFO] [SUCCESSFUL LOGIN] User authenticated: andylouise@gmail.com | Role: Admin
[2026-05-02 02:46:20] [INFO] [END] Login process ended — success.
[2026-05-02 02:47:32] [INFO] [START] Login attempt initiated. Email: andylouise@gmail.com
[2026-05-02 02:47:32] [INFO] [CAPTCHA] Session flag confirmed for: andylouise@gmail.com
[2026-05-02 02:47:32] [INFO] [USERNAME LOOKUP] Searching DB for email: andylouise@gmail.com
[2026-05-02 02:47:32] [INFO] [USERNAME LOOKUP] Email found: andylouise@gmail.com
[2026-05-02 02:47:32] [INFO] [PASSWORD VALIDATION] Comparing passwords for: andylouise@gmail.com
[2026-05-02 02:47:32] [INFO] [SUCCESSFUL LOGIN] User authenticated: andylouise@gmail.com | Role: Admin
[2026-05-02 02:47:32] [INFO] [END] Login process ended — success.
[2026-05-02 02:49:59] [INFO] [START] Login attempt initiated. Email: andylouise@gmail.com
[2026-05-02 02:49:59] [INFO] [CAPTCHA] Session flag confirmed for: andylouise@gmail.com
[2026-05-02 02:49:59] [INFO] [USERNAME LOOKUP] Searching DB for email: andylouise@gmail.com
[2026-05-02 02:49:59] [INFO] [USERNAME LOOKUP] Email found: andylouise@gmail.com
[2026-05-02 02:49:59] [INFO] [PASSWORD VALIDATION] Comparing passwords for: andylouise@gmail.com
[2026-05-02 02:49:59] [INFO] [SUCCESSFUL LOGIN] User authenticated: andylouise@gmail.com | Role: Admin
[2026-05-02 02:49:59] [INFO] [END] Login process ended — success.
[2026-05-02 03:01:11] [INFO] [START] Login attempt initiated. Email: andylouise@gmail.com
[2026-05-02 03:01:11] [INFO] [CAPTCHA] Session flag confirmed for: andylouise@gmail.com
[2026-05-02 03:01:11] [INFO] [USERNAME LOOKUP] Searching DB for email: andylouise@gmail.com
[2026-05-02 03:01:11] [INFO] [USERNAME LOOKUP] Email found: andylouise@gmail.com
[2026-05-02 03:01:11] [INFO] [PASSWORD VALIDATION] Comparing passwords for: andylouise@gmail.com
[2026-05-02 03:01:11] [INFO] [SUCCESSFUL LOGIN] User authenticated: andylouise@gmail.com | Role: Admin
[2026-05-02 03:01:11] [INFO] [END] Login process ended — success.
[2026-05-02 03:04:50] [INFO] [START] Login attempt initiated. Email: andylouise@gmail.com
[2026-05-02 03:04:50] [INFO] [CAPTCHA] Session flag confirmed for: andylouise@gmail.com
[2026-05-02 03:04:50] [INFO] [USERNAME LOOKUP] Searching DB for email: andylouise@gmail.com
[2026-05-02 03:04:50] [INFO] [USERNAME LOOKUP] Email found: andylouise@gmail.com
[2026-05-02 03:04:50] [INFO] [PASSWORD VALIDATION] Comparing passwords for: andylouise@gmail.com
[2026-05-02 03:04:50] [INFO] [SUCCESSFUL LOGIN] User authenticated: andylouise@gmail.com | Role: Admin
[2026-05-02 03:04:50] [INFO] [END] Login process ended — success.
[2026-05-02 03:09:36] [INFO] [START] Login attempt initiated. Email: andylouise@gmail.com
[2026-05-02 03:09:36] [INFO] [CAPTCHA] Session flag confirmed for: andylouise@gmail.com
[2026-05-02 03:09:36] [INFO] [USERNAME LOOKUP] Searching DB for email: andylouise@gmail.com
[2026-05-02 03:09:36] [INFO] [USERNAME LOOKUP] Email found: andylouise@gmail.com
[2026-05-02 03:09:36] [INFO] [PASSWORD VALIDATION] Comparing passwords for: andylouise@gmail.com
[2026-05-02 03:09:36] [INFO] [SUCCESSFUL LOGIN] User authenticated: andylouise@gmail.com | Role: Admin
[2026-05-02 03:09:36] [INFO] [END] Login process ended — success.
[2026-05-02 03:16:37] [INFO] [START] Login attempt initiated. Email: andylouise@gmail.com
[2026-05-02 03:16:37] [INFO] [CAPTCHA] Session flag confirmed for: andylouise@gmail.com
[2026-05-02 03:16:37] [INFO] [USERNAME LOOKUP] Searching DB for email: andylouise@gmail.com
[2026-05-02 03:16:37] [INFO] [USERNAME LOOKUP] Email found: andylouise@gmail.com
[2026-05-02 03:16:37] [INFO] [PASSWORD VALIDATION] Comparing passwords for: andylouise@gmail.com
[2026-05-02 03:16:37] [INFO] [SUCCESSFUL LOGIN] User authenticated: andylouise@gmail.com | Role: Admin
[2026-05-02 03:16:37] [INFO] [END] Login process ended — success.
[2026-05-02 03:19:53] [INFO] [START] Login attempt initiated. Email: andylouise@gmail.com
[2026-05-02 03:19:53] [INFO] [CAPTCHA] Session flag confirmed for: andylouise@gmail.com
[2026-05-02 03:19:53] [INFO] [USERNAME LOOKUP] Searching DB for email: andylouise@gmail.com
[2026-05-02 03:19:53] [INFO] [USERNAME LOOKUP] Email found: andylouise@gmail.com
[2026-05-02 03:19:53] [INFO] [PASSWORD VALIDATION] Comparing passwords for: andylouise@gmail.com
[2026-05-02 03:19:53] [INFO] [SUCCESSFUL LOGIN] User authenticated: andylouise@gmail.com | Role: Admin
[2026-05-02 03:19:53] [INFO] [END] Login process ended — success.
[2026-05-02 03:31:48] [INFO] [START] Login attempt initiated. Email: andylouise@gmail.com
[2026-05-02 03:31:48] [INFO] [CAPTCHA] Session flag confirmed for: andylouise@gmail.com
[2026-05-02 03:31:48] [INFO] [USERNAME LOOKUP] Searching DB for email: andylouise@gmail.com
[2026-05-02 03:31:48] [INFO] [USERNAME LOOKUP] Email found: andylouise@gmail.com
[2026-05-02 03:31:48] [INFO] [PASSWORD VALIDATION] Comparing passwords for: andylouise@gmail.com
[2026-05-02 03:31:48] [INFO] [SUCCESSFUL LOGIN] User authenticated: andylouise@gmail.com | Role: Admin
[2026-05-02 03:31:48] [INFO] [END] Login process ended — success.
[2026-05-02 03:34:47] [INFO] [START] Login attempt initiated. Email: andylouise@gmail.com
[2026-05-02 03:34:47] [INFO] [CAPTCHA] Session flag confirmed for: andylouise@gmail.com
[2026-05-02 03:34:47] [INFO] [USERNAME LOOKUP] Searching DB for email: andylouise@gmail.com
[2026-05-02 03:34:47] [INFO] [USERNAME LOOKUP] Email found: andylouise@gmail.com
[2026-05-02 03:34:47] [INFO] [PASSWORD VALIDATION] Comparing passwords for: andylouise@gmail.com
[2026-05-02 03:34:47] [INFO] [SUCCESSFUL LOGIN] User authenticated: andylouise@gmail.com | Role: Admin
[2026-05-02 03:34:47] [INFO] [END] Login process ended — success.
[2026-05-02 03:35:50] [INFO] [START] Login attempt initiated. Email: andylouise@gmail.com
[2026-05-02 03:35:50] [INFO] [CAPTCHA] Session flag confirmed for: andylouise@gmail.com
[2026-05-02 03:35:50] [INFO] [USERNAME LOOKUP] Searching DB for email: andylouise@gmail.com
[2026-05-02 03:35:50] [INFO] [USERNAME LOOKUP] Email found: andylouise@gmail.com
[2026-05-02 03:35:50] [INFO] [PASSWORD VALIDATION] Comparing passwords for: andylouise@gmail.com
[2026-05-02 03:35:50] [INFO] [SUCCESSFUL LOGIN] User authenticated: andylouise@gmail.com | Role: Admin
[2026-05-02 03:35:50] [INFO] [END] Login process ended — success.
[2026-05-02 03:36:45] [INFO] [START] Login attempt initiated. Email: andylouise@gmail.com
[2026-05-02 03:36:45] [INFO] [CAPTCHA] Session flag confirmed for: andylouise@gmail.com
[2026-05-02 03:36:45] [INFO] [USERNAME LOOKUP] Searching DB for email: andylouise@gmail.com
[2026-05-02 03:36:45] [INFO] [USERNAME LOOKUP] Email found: andylouise@gmail.com
[2026-05-02 03:36:45] [INFO] [PASSWORD VALIDATION] Comparing passwords for: andylouise@gmail.com
[2026-05-02 03:36:45] [INFO] [SUCCESSFUL LOGIN] User authenticated: andylouise@gmail.com | Role: Admin
[2026-05-02 03:36:45] [INFO] [END] Login process ended — success.
[2026-05-02 03:37:35] [INFO] [START] Login attempt initiated. Email: andylouise@gmail.com
[2026-05-02 03:37:35] [INFO] [CAPTCHA] Session flag confirmed for: andylouise@gmail.com
[2026-05-02 03:37:35] [INFO] [USERNAME LOOKUP] Searching DB for email: andylouise@gmail.com
[2026-05-02 03:37:35] [INFO] [USERNAME LOOKUP] Email found: andylouise@gmail.com
[2026-05-02 03:37:35] [INFO] [PASSWORD VALIDATION] Comparing passwords for: andylouise@gmail.com
[2026-05-02 03:37:35] [INFO] [SUCCESSFUL LOGIN] User authenticated: andylouise@gmail.com | Role: Admin
[2026-05-02 03:37:35] [INFO] [END] Login process ended — success.
[2026-05-02 03:38:12] [INFO] [START] Login attempt initiated. Email: andylouise@gmail.com
[2026-05-02 03:38:12] [INFO] [CAPTCHA] Session flag confirmed for: andylouise@gmail.com
[2026-05-02 03:38:12] [INFO] [USERNAME LOOKUP] Searching DB for email: andylouise@gmail.com
[2026-05-02 03:38:12] [INFO] [USERNAME LOOKUP] Email found: andylouise@gmail.com
[2026-05-02 03:38:12] [INFO] [PASSWORD VALIDATION] Comparing passwords for: andylouise@gmail.com
[2026-05-02 03:38:12] [INFO] [SUCCESSFUL LOGIN] User authenticated: andylouise@gmail.com | Role: Admin
[2026-05-02 03:38:12] [INFO] [END] Login process ended — success.
[2026-05-02 03:38:27] [INFO] [START] Login attempt initiated. Email: andylouise@gmail.com
[2026-05-02 03:38:27] [INFO] [CAPTCHA] Session flag confirmed for: andylouise@gmail.com
[2026-05-02 03:38:27] [INFO] [USERNAME LOOKUP] Searching DB for email: andylouise@gmail.com
[2026-05-02 03:38:27] [INFO] [USERNAME LOOKUP] Email found: andylouise@gmail.com
[2026-05-02 03:38:27] [INFO] [PASSWORD VALIDATION] Comparing passwords for: andylouise@gmail.com
[2026-05-02 03:38:27] [INFO] [SUCCESSFUL LOGIN] User authenticated: andylouise@gmail.com | Role: Admin
[2026-05-02 03:38:27] [INFO] [END] Login process ended — success.
[2026-05-02 04:07:49] [INFO] [START] Login attempt initiated. Email: andylouise@gmail.com
[2026-05-02 04:07:49] [INFO] [CAPTCHA] Session flag confirmed for: andylouise@gmail.com
[2026-05-02 04:07:49] [INFO] [USERNAME LOOKUP] Searching DB for email: andylouise@gmail.com
[2026-05-02 04:07:49] [INFO] [USERNAME LOOKUP] Email found: andylouise@gmail.com
[2026-05-02 04:07:49] [INFO] [PASSWORD VALIDATION] Comparing passwords for: andylouise@gmail.com
[2026-05-02 04:07:49] [INFO] [SUCCESSFUL LOGIN] User authenticated: andylouise@gmail.com | Role: Admin
[2026-05-02 04:07:49] [INFO] [END] Login process ended — success.
[2026-05-02 04:08:10] [INFO] [START] Login attempt initiated. Email: andylouise@gmail.com
[2026-05-02 04:08:10] [INFO] [CAPTCHA] Session flag confirmed for: andylouise@gmail.com
[2026-05-02 04:08:10] [INFO] [USERNAME LOOKUP] Searching DB for email: andylouise@gmail.com
[2026-05-02 04:08:10] [INFO] [USERNAME LOOKUP] Email found: andylouise@gmail.com
[2026-05-02 04:08:10] [INFO] [PASSWORD VALIDATION] Comparing passwords for: andylouise@gmail.com
[2026-05-02 04:08:10] [INFO] [SUCCESSFUL LOGIN] User authenticated: andylouise@gmail.com | Role: Admin
[2026-05-02 04:08:10] [INFO] [END] Login process ended — success.
[2026-05-02 04:10:14] [INFO] [START] Login attempt initiated. Email: andylouise@gmail.com
[2026-05-02 04:10:14] [INFO] [CAPTCHA] Session flag confirmed for: andylouise@gmail.com
[2026-05-02 04:10:14] [INFO] [USERNAME LOOKUP] Searching DB for email: andylouise@gmail.com
[2026-05-02 04:10:14] [INFO] [USERNAME LOOKUP] Email found: andylouise@gmail.com
[2026-05-02 04:10:14] [INFO] [PASSWORD VALIDATION] Comparing passwords for: andylouise@gmail.com
[2026-05-02 04:10:14] [INFO] [SUCCESSFUL LOGIN] User authenticated: andylouise@gmail.com | Role: Admin
[2026-05-02 04:10:14] [INFO] [END] Login process ended — success.
[2026-05-02 04:24:52] [INFO] [START] Login attempt initiated. Email: andylouise@gmail.com
[2026-05-02 04:24:52] [INFO] [CAPTCHA] Session flag confirmed for: andylouise@gmail.com
[2026-05-02 04:24:52] [INFO] [USERNAME LOOKUP] Searching DB for email: andylouise@gmail.com
[2026-05-02 04:24:52] [INFO] [USERNAME LOOKUP] Email found: andylouise@gmail.com
[2026-05-02 04:24:52] [INFO] [PASSWORD VALIDATION] Comparing passwords for: andylouise@gmail.com
[2026-05-02 04:24:52] [INFO] [SUCCESSFUL LOGIN] User authenticated: andylouise@gmail.com | Role: Admin
[2026-05-02 04:24:52] [INFO] [END] Login process ended — success.
[2026-05-02 04:27:04] [INFO] [START] Login attempt initiated. Email: andylouise@gmail.com
[2026-05-02 04:27:04] [INFO] [CAPTCHA] Session flag confirmed for: andylouise@gmail.com
[2026-05-02 04:27:04] [INFO] [USERNAME LOOKUP] Searching DB for email: andylouise@gmail.com
[2026-05-02 04:27:04] [INFO] [USERNAME LOOKUP] Email found: andylouise@gmail.com
[2026-05-02 04:27:04] [INFO] [PASSWORD VALIDATION] Comparing passwords for: andylouise@gmail.com
[2026-05-02 04:27:04] [INFO] [SUCCESSFUL LOGIN] User authenticated: andylouise@gmail.com | Role: Admin
[2026-05-02 04:27:04] [INFO] [END] Login process ended — success.
[2026-05-02 04:29:35] [INFO] [START] Login attempt initiated. Email: andylouise@gmail.com
[2026-05-02 04:29:35] [INFO] [CAPTCHA] Session flag confirmed for: andylouise@gmail.com
[2026-05-02 04:29:35] [INFO] [USERNAME LOOKUP] Searching DB for email: andylouise@gmail.com
[2026-05-02 04:29:35] [INFO] [USERNAME LOOKUP] Email found: andylouise@gmail.com
[2026-05-02 04:29:35] [INFO] [PASSWORD VALIDATION] Comparing passwords for: andylouise@gmail.com
[2026-05-02 04:29:35] [INFO] [SUCCESSFUL LOGIN] User authenticated: andylouise@gmail.com | Role: Admin
[2026-05-02 04:29:35] [INFO] [END] Login process ended — success.
[2026-05-02 04:31:14] [INFO] [START] Login attempt initiated. Email: andylouise@gmail.com
[2026-05-02 04:31:14] [INFO] [CAPTCHA] Session flag confirmed for: andylouise@gmail.com
[2026-05-02 04:31:14] [INFO] [USERNAME LOOKUP] Searching DB for email: andylouise@gmail.com
[2026-05-02 04:31:14] [INFO] [USERNAME LOOKUP] Email found: andylouise@gmail.com
[2026-05-02 04:31:14] [INFO] [PASSWORD VALIDATION] Comparing passwords for: andylouise@gmail.com
[2026-05-02 04:31:14] [INFO] [SUCCESSFUL LOGIN] User authenticated: andylouise@gmail.com | Role: Admin
[2026-05-02 04:31:14] [INFO] [END] Login process ended — success.
[2026-05-02 04:33:39] [INFO] [START] Login attempt initiated. Email: andylouise@gmail.com
[2026-05-02 04:33:39] [INFO] [CAPTCHA] Session flag confirmed for: andylouise@gmail.com
[2026-05-02 04:33:39] [INFO] [USERNAME LOOKUP] Searching DB for email: andylouise@gmail.com
[2026-05-02 04:33:39] [INFO] [USERNAME LOOKUP] Email found: andylouise@gmail.com
[2026-05-02 04:33:39] [INFO] [PASSWORD VALIDATION] Comparing passwords for: andylouise@gmail.com
[2026-05-02 04:33:39] [INFO] [SUCCESSFUL LOGIN] User authenticated: andylouise@gmail.com | Role: Admin
[2026-05-02 04:33:39] [INFO] [END] Login process ended — success.
[2026-05-02 04:37:09] [INFO] [START] Login attempt initiated. Email: andylouise@gmail.com
[2026-05-02 04:37:09] [INFO] [CAPTCHA] Session flag confirmed for: andylouise@gmail.com
[2026-05-02 04:37:09] [INFO] [USERNAME LOOKUP] Searching DB for email: andylouise@gmail.com
[2026-05-02 04:37:09] [INFO] [USERNAME LOOKUP] Email found: andylouise@gmail.com
[2026-05-02 04:37:09] [INFO] [PASSWORD VALIDATION] Comparing passwords for: andylouise@gmail.com
[2026-05-02 04:37:09] [INFO] [SUCCESSFUL LOGIN] User authenticated: andylouise@gmail.com | Role: Admin
[2026-05-02 04:37:09] [INFO] [END] Login process ended — success.
[2026-05-02 04:37:27] [INFO] [START] Login attempt initiated. Email: andylouise@gmail.com
[2026-05-02 04:37:27] [INFO] [CAPTCHA] Session flag confirmed for: andylouise@gmail.com
[2026-05-02 04:37:27] [INFO] [USERNAME LOOKUP] Searching DB for email: andylouise@gmail.com
[2026-05-02 04:37:27] [INFO] [USERNAME LOOKUP] Email found: andylouise@gmail.com
[2026-05-02 04:37:27] [INFO] [PASSWORD VALIDATION] Comparing passwords for: andylouise@gmail.com
[2026-05-02 04:37:27] [INFO] [SUCCESSFUL LOGIN] User authenticated: andylouise@gmail.com | Role: Admin
[2026-05-02 04:37:27] [INFO] [END] Login process ended — success.
[2026-05-02 04:38:08] [INFO] [START] Login attempt initiated. Email: andylouise@gmail.com
[2026-05-02 04:38:08] [INFO] [CAPTCHA] Session flag confirmed for: andylouise@gmail.com
[2026-05-02 04:38:08] [INFO] [USERNAME LOOKUP] Searching DB for email: andylouise@gmail.com
[2026-05-02 04:38:08] [INFO] [USERNAME LOOKUP] Email found: andylouise@gmail.com
[2026-05-02 04:38:08] [INFO] [PASSWORD VALIDATION] Comparing passwords for: andylouise@gmail.com
[2026-05-02 04:38:08] [INFO] [SUCCESSFUL LOGIN] User authenticated: andylouise@gmail.com | Role: Admin
[2026-05-02 04:38:08] [INFO] [END] Login process ended — success.
[2026-05-02 04:43:20] [INFO] [START] Login attempt initiated. Email: andylouise@gmail.com
[2026-05-02 04:43:20] [INFO] [CAPTCHA] Session flag confirmed for: andylouise@gmail.com
[2026-05-02 04:43:20] [INFO] [USERNAME LOOKUP] Searching DB for email: andylouise@gmail.com
[2026-05-02 04:43:20] [INFO] [USERNAME LOOKUP] Email found: andylouise@gmail.com
[2026-05-02 04:43:20] [INFO] [PASSWORD VALIDATION] Comparing passwords for: andylouise@gmail.com
[2026-05-02 04:43:20] [INFO] [SUCCESSFUL LOGIN] User authenticated: andylouise@gmail.com | Role: Admin
[2026-05-02 04:43:20] [INFO] [END] Login process ended — success.
[2026-05-02 04:45:36] [INFO] [START] Login attempt initiated. Email: andylouise@gmail.com
[2026-05-02 04:45:36] [INFO] [CAPTCHA] Session flag confirmed for: andylouise@gmail.com
[2026-05-02 04:45:36] [INFO] [USERNAME LOOKUP] Searching DB for email: andylouise@gmail.com
[2026-05-02 04:45:36] [INFO] [USERNAME LOOKUP] Email found: andylouise@gmail.com
[2026-05-02 04:45:36] [INFO] [PASSWORD VALIDATION] Comparing passwords for: andylouise@gmail.com
[2026-05-02 04:45:36] [INFO] [SUCCESSFUL LOGIN] User authenticated: andylouise@gmail.com | Role: Admin
[2026-05-02 04:45:36] [INFO] [END] Login process ended — success.
[2026-05-02 04:51:46] [INFO] [START] Login attempt initiated. Email: andylouise@gmail.com
[2026-05-02 04:51:46] [INFO] [CAPTCHA] Session flag confirmed for: andylouise@gmail.com
[2026-05-02 04:51:46] [INFO] [USERNAME LOOKUP] Searching DB for email: andylouise@gmail.com
[2026-05-02 04:51:46] [INFO] [USERNAME LOOKUP] Email found: andylouise@gmail.com
[2026-05-02 04:51:46] [INFO] [PASSWORD VALIDATION] Comparing passwords for: andylouise@gmail.com
[2026-05-02 04:51:46] [INFO] [SUCCESSFUL LOGIN] User authenticated: andylouise@gmail.com | Role: Admin
[2026-05-02 04:51:46] [INFO] [END] Login process ended — success.
[2026-05-02 04:52:36] [INFO] [START] Login attempt initiated. Email: andylouise@gmail.com
[2026-05-02 04:52:36] [INFO] [CAPTCHA] Session flag confirmed for: andylouise@gmail.com
[2026-05-02 04:52:36] [INFO] [USERNAME LOOKUP] Searching DB for email: andylouise@gmail.com
[2026-05-02 04:52:36] [INFO] [USERNAME LOOKUP] Email found: andylouise@gmail.com
[2026-05-02 04:52:36] [INFO] [PASSWORD VALIDATION] Comparing passwords for: andylouise@gmail.com
[2026-05-02 04:52:36] [INFO] [SUCCESSFUL LOGIN] User authenticated: andylouise@gmail.com | Role: Admin
[2026-05-02 04:52:36] [INFO] [END] Login process ended — success.
[2026-05-02 04:59:24] [INFO] [START] Login attempt initiated. Email: andylouise@gmail.com
[2026-05-02 04:59:24] [INFO] [CAPTCHA] Session flag confirmed for: andylouise@gmail.com
[2026-05-02 04:59:24] [INFO] [USERNAME LOOKUP] Searching DB for email: andylouise@gmail.com
[2026-05-02 04:59:24] [INFO] [USERNAME LOOKUP] Email found: andylouise@gmail.com
[2026-05-02 04:59:24] [INFO] [PASSWORD VALIDATION] Comparing passwords for: andylouise@gmail.com
[2026-05-02 04:59:24] [INFO] [SUCCESSFUL LOGIN] User authenticated: andylouise@gmail.com | Role: Admin
[2026-05-02 04:59:24] [INFO] [END] Login process ended — success.
[2026-05-02 05:02:50] [INFO] [START] Login attempt initiated. Email: andylouise@gmail.com
[2026-05-02 05:02:50] [INFO] [CAPTCHA] Session flag confirmed for: andylouise@gmail.com
[2026-05-02 05:02:50] [INFO] [USERNAME LOOKUP] Searching DB for email: andylouise@gmail.com
[2026-05-02 05:02:50] [INFO] [USERNAME LOOKUP] Email found: andylouise@gmail.com
[2026-05-02 05:02:50] [INFO] [PASSWORD VALIDATION] Comparing passwords for: andylouise@gmail.com
[2026-05-02 05:02:50] [INFO] [SUCCESSFUL LOGIN] User authenticated: andylouise@gmail.com | Role: Admin
[2026-05-02 05:02:50] [INFO] [END] Login process ended — success.
[2026-05-02 05:10:52] [INFO] [START] Login attempt initiated. Email: andylouise@gmail.com
[2026-05-02 05:10:52] [INFO] [CAPTCHA] Session flag confirmed for: andylouise@gmail.com
[2026-05-02 05:10:52] [INFO] [USERNAME LOOKUP] Searching DB for email: andylouise@gmail.com
[2026-05-02 05:10:52] [INFO] [USERNAME LOOKUP] Email found: andylouise@gmail.com
[2026-05-02 05:10:52] [INFO] [PASSWORD VALIDATION] Comparing passwords for: andylouise@gmail.com
[2026-05-02 05:10:52] [INFO] [SUCCESSFUL LOGIN] User authenticated: andylouise@gmail.com | Role: Admin
[2026-05-02 05:10:52] [INFO] [END] Login process ended — success.
[2026-05-02 05:11:18] [INFO] [START] Login attempt initiated. Email: andylouise@gmail.com
[2026-05-02 05:11:18] [INFO] [CAPTCHA] Session flag confirmed for: andylouise@gmail.com
[2026-05-02 05:11:18] [INFO] [USERNAME LOOKUP] Searching DB for email: andylouise@gmail.com
[2026-05-02 05:11:18] [INFO] [USERNAME LOOKUP] Email found: andylouise@gmail.com
[2026-05-02 05:11:18] [INFO] [PASSWORD VALIDATION] Comparing passwords for: andylouise@gmail.com
[2026-05-02 05:11:18] [INFO] [SUCCESSFUL LOGIN] User authenticated: andylouise@gmail.com | Role: Admin
[2026-05-02 05:11:18] [INFO] [END] Login process ended — success.
[2026-05-02 05:15:13] [INFO] [START] Login attempt initiated. Email: andylouise@gmail.com
[2026-05-02 05:15:13] [INFO] [CAPTCHA] Session flag confirmed for: andylouise@gmail.com
[2026-05-02 05:15:13] [INFO] [USERNAME LOOKUP] Searching DB for email: andylouise@gmail.com
[2026-05-02 05:15:13] [INFO] [USERNAME LOOKUP] Email found: andylouise@gmail.com
[2026-05-02 05:15:13] [INFO] [PASSWORD VALIDATION] Comparing passwords for: andylouise@gmail.com
[2026-05-02 05:15:13] [INFO] [SUCCESSFUL LOGIN] User authenticated: andylouise@gmail.com | Role: Admin
[2026-05-02 05:15:13] [INFO] [END] Login process ended — success.
[2026-05-02 05:15:40] [INFO] [START] Login attempt initiated. Email: andylouise@gmail.com
[2026-05-02 05:15:40] [INFO] [CAPTCHA] Session flag confirmed for: andylouise@gmail.com
[2026-05-02 05:15:40] [INFO] [USERNAME LOOKUP] Searching DB for email: andylouise@gmail.com
[2026-05-02 05:15:40] [INFO] [USERNAME LOOKUP] Email found: andylouise@gmail.com
[2026-05-02 05:15:40] [INFO] [PASSWORD VALIDATION] Comparing passwords for: andylouise@gmail.com
[2026-05-02 05:15:40] [INFO] [SUCCESSFUL LOGIN] User authenticated: andylouise@gmail.com | Role: Admin
[2026-05-02 05:15:40] [INFO] [END] Login process ended — success.
[2026-05-02 05:19:23] [INFO] [START] Login attempt initiated. Email: andylouise@gmail.com
[2026-05-02 05:19:23] [INFO] [CAPTCHA] Session flag confirmed for: andylouise@gmail.com
[2026-05-02 05:19:23] [INFO] [USERNAME LOOKUP] Searching DB for email: andylouise@gmail.com
[2026-05-02 05:19:23] [INFO] [USERNAME LOOKUP] Email found: andylouise@gmail.com
[2026-05-02 05:19:23] [INFO] [PASSWORD VALIDATION] Comparing passwords for: andylouise@gmail.com
[2026-05-02 05:19:23] [INFO] [SUCCESSFUL LOGIN] User authenticated: andylouise@gmail.com | Role: Admin
[2026-05-02 05:19:23] [INFO] [END] Login process ended — success.
[2026-05-02 05:23:51] [INFO] [START] Login attempt initiated. Email: andylouise@gmail.com
[2026-05-02 05:23:51] [INFO] [CAPTCHA] Session flag confirmed for: andylouise@gmail.com
[2026-05-02 05:23:51] [INFO] [USERNAME LOOKUP] Searching DB for email: andylouise@gmail.com
[2026-05-02 05:23:51] [INFO] [USERNAME LOOKUP] Email found: andylouise@gmail.com
[2026-05-02 05:23:51] [INFO] [PASSWORD VALIDATION] Comparing passwords for: andylouise@gmail.com
[2026-05-02 05:23:51] [INFO] [SUCCESSFUL LOGIN] User authenticated: andylouise@gmail.com | Role: Admin
[2026-05-02 05:23:51] [INFO] [END] Login process ended — success.
[2026-05-02 05:24:36] [INFO] [START] Login attempt initiated. Email: andylouise@gmail.com
[2026-05-02 05:24:36] [INFO] [CAPTCHA] Session flag confirmed for: andylouise@gmail.com
[2026-05-02 05:24:36] [INFO] [USERNAME LOOKUP] Searching DB for email: andylouise@gmail.com
[2026-05-02 05:24:36] [INFO] [USERNAME LOOKUP] Email found: andylouise@gmail.com
[2026-05-02 05:24:36] [INFO] [PASSWORD VALIDATION] Comparing passwords for: andylouise@gmail.com
[2026-05-02 05:24:36] [INFO] [SUCCESSFUL LOGIN] User authenticated: andylouise@gmail.com | Role: Admin
[2026-05-02 05:24:36] [INFO] [END] Login process ended — success.
[2026-05-02 05:26:14] [INFO] [START] Login attempt initiated. Email: andylouise@gmail.com
[2026-05-02 05:26:14] [INFO] [CAPTCHA] Session flag confirmed for: andylouise@gmail.com
[2026-05-02 05:26:14] [INFO] [USERNAME LOOKUP] Searching DB for email: andylouise@gmail.com
[2026-05-02 05:26:14] [INFO] [USERNAME LOOKUP] Email found: andylouise@gmail.com
[2026-05-02 05:26:14] [INFO] [PASSWORD VALIDATION] Comparing passwords for: andylouise@gmail.com
[2026-05-02 05:26:14] [INFO] [SUCCESSFUL LOGIN] User authenticated: andylouise@gmail.com | Role: Admin
[2026-05-02 05:26:14] [INFO] [END] Login process ended — success.
[2026-05-02 05:26:33] [INFO] [START] Login attempt initiated. Email: andylouise@gmail.com
[2026-05-02 05:26:33] [INFO] [CAPTCHA] Session flag confirmed for: andylouise@gmail.com
[2026-05-02 05:26:33] [INFO] [USERNAME LOOKUP] Searching DB for email: andylouise@gmail.com
[2026-05-02 05:26:33] [INFO] [USERNAME LOOKUP] Email found: andylouise@gmail.com
[2026-05-02 05:26:33] [INFO] [PASSWORD VALIDATION] Comparing passwords for: andylouise@gmail.com
[2026-05-02 05:26:33] [INFO] [SUCCESSFUL LOGIN] User authenticated: andylouise@gmail.com | Role: Admin
[2026-05-02 05:26:33] [INFO] [END] Login process ended — success.
[2026-05-02 05:27:14] [INFO] [START] Login attempt initiated. Email: andylouise@gmail.com
[2026-05-02 05:27:14] [INFO] [CAPTCHA] Session flag confirmed for: andylouise@gmail.com
[2026-05-02 05:27:14] [INFO] [USERNAME LOOKUP] Searching DB for email: andylouise@gmail.com
[2026-05-02 05:27:14] [INFO] [USERNAME LOOKUP] Email found: andylouise@gmail.com
[2026-05-02 05:27:14] [INFO] [PASSWORD VALIDATION] Comparing passwords for: andylouise@gmail.com
[2026-05-02 05:27:14] [INFO] [SUCCESSFUL LOGIN] User authenticated: andylouise@gmail.com | Role: Admin
[2026-05-02 05:27:14] [INFO] [END] Login process ended — success.
[2026-05-02 05:27:37] [INFO] [START] Login attempt initiated. Email: andylouise@gmail.com
[2026-05-02 05:27:37] [INFO] [CAPTCHA] Session flag confirmed for: andylouise@gmail.com
[2026-05-02 05:27:37] [INFO] [USERNAME LOOKUP] Searching DB for email: andylouise@gmail.com
[2026-05-02 05:27:37] [INFO] [USERNAME LOOKUP] Email found: andylouise@gmail.com
[2026-05-02 05:27:37] [INFO] [PASSWORD VALIDATION] Comparing passwords for: andylouise@gmail.com
[2026-05-02 05:27:37] [INFO] [SUCCESSFUL LOGIN] User authenticated: andylouise@gmail.com | Role: Admin
[2026-05-02 05:27:37] [INFO] [END] Login process ended — success.
[2026-05-02 05:30:23] [INFO] [START] Login attempt initiated. Email: andylouise@gmail.com
[2026-05-02 05:30:23] [INFO] [CAPTCHA] Session flag confirmed for: andylouise@gmail.com
[2026-05-02 05:30:23] [INFO] [USERNAME LOOKUP] Searching DB for email: andylouise@gmail.com
[2026-05-02 05:30:23] [INFO] [USERNAME LOOKUP] Email found: andylouise@gmail.com
[2026-05-02 05:30:23] [INFO] [PASSWORD VALIDATION] Comparing passwords for: andylouise@gmail.com
[2026-05-02 05:30:23] [INFO] [SUCCESSFUL LOGIN] User authenticated: andylouise@gmail.com | Role: Admin
[2026-05-02 05:30:23] [INFO] [END] Login process ended — success.
[2026-05-02 05:34:50] [INFO] [START] Login attempt initiated. Email: andylouise@gmail.com
[2026-05-02 05:34:50] [INFO] [CAPTCHA] Session flag confirmed for: andylouise@gmail.com
[2026-05-02 05:34:50] [INFO] [USERNAME LOOKUP] Searching DB for email: andylouise@gmail.com
[2026-05-02 05:34:50] [INFO] [USERNAME LOOKUP] Email found: andylouise@gmail.com
[2026-05-02 05:34:50] [INFO] [PASSWORD VALIDATION] Comparing passwords for: andylouise@gmail.com
[2026-05-02 05:34:50] [INFO] [SUCCESSFUL LOGIN] User authenticated: andylouise@gmail.com | Role: Admin
[2026-05-02 05:34:50] [INFO] [END] Login process ended — success.
[2026-05-02 05:35:54] [INFO] [START] Login attempt initiated. Email: andylouise@gmail.com
[2026-05-02 05:35:54] [INFO] [CAPTCHA] Session flag confirmed for: andylouise@gmail.com
[2026-05-02 05:35:54] [INFO] [USERNAME LOOKUP] Searching DB for email: andylouise@gmail.com
[2026-05-02 05:35:54] [INFO] [USERNAME LOOKUP] Email found: andylouise@gmail.com
[2026-05-02 05:35:54] [INFO] [PASSWORD VALIDATION] Comparing passwords for: andylouise@gmail.com
[2026-05-02 05:35:54] [INFO] [SUCCESSFUL LOGIN] User authenticated: andylouise@gmail.com | Role: Admin
[2026-05-02 05:35:54] [INFO] [END] Login process ended — success.
[2026-05-02 05:40:39] [INFO] [START] Login attempt initiated. Email: andylouise@gmail.com
[2026-05-02 05:40:39] [INFO] [CAPTCHA] Session flag confirmed for: andylouise@gmail.com
[2026-05-02 05:40:39] [INFO] [USERNAME LOOKUP] Searching DB for email: andylouise@gmail.com
[2026-05-02 05:40:39] [INFO] [USERNAME LOOKUP] Email found: andylouise@gmail.com
[2026-05-02 05:40:39] [INFO] [PASSWORD VALIDATION] Comparing passwords for: andylouise@gmail.com
[2026-05-02 05:40:39] [INFO] [SUCCESSFUL LOGIN] User authenticated: andylouise@gmail.com | Role: Admin
[2026-05-02 05:40:39] [INFO] [END] Login process ended — success.
